
> aila@0.1.0 build
> next build

Γû▓ Next.js 16.2.10 (Turbopack)
- Environments: .env.production.local, .env.local, .env

  Creating an optimized production build ...
Γ£ô Compiled successfully in 7.6s
  Running TypeScript ...
  Finished TypeScript in 11.6s ...
  Collecting page data using 11 workers ...
  Generating static pages using 11 workers (0/20) ...
  Generating static pages using 11 workers (5/20) 
  Generating static pages using 11 workers (10/20) 
  Generating static pages using 11 workers (15/20) 
Γ£ô Generating static pages using 11 workers (20/20) in 1040ms
  Finalizing page optimization ...

Route (app)
Γöî Γùï /
Γö£ Γùï /_not-found
Γö£ ╞Æ /api/ai
Γö£ ╞Æ /api/ai/document
Γö£ ╞Æ /api/project-inquiry
Γö£ Γùï /products/ads
Γö£ Γùï /products/ailalegal
Γö£ Γùï /products/apps
Γö£ Γùï /products/automation
Γö£ Γùï /products/business
Γö£ Γùï /products/calendar
Γö£ Γùï /products/commerce
Γö£ Γùï /products/flow
Γö£ Γùï /products/intelligence
Γö£ Γùï /products/sites
Γö£ Γùï /robots.txt
Γö£ Γùï /sign-in
Γöö Γùï /sign-up


╞Æ Proxy (Middleware)

Γùï  (Static)   prerendered as static content
╞Æ  (Dynamic)  server-rendered on demand

